
> realtime-monitor-frontend@0.1.0 dev
> vite --port 1112 --host


  VITE v5.4.21  ready in 139 ms

  ➜  Local:   http://localhost:1112/
  ➜  Network: http://172.26.246.87:1112/
4:19:31 PM [vite] hmr update /src/App.jsx
4:19:38 PM [vite] hmr update /src/App.jsx
4:19:47 PM [vite] hmr update /src/App.jsx
4:20:02 PM [vite] hmr update /src/App.jsx
4:20:10 PM [vite] hmr update /src/App.jsx
4:20:58 PM [vite] hmr update /src/index.css
11:07:11 PM [vite] hmr update /src/App.jsx
11:07:16 PM [vite] hmr update /src/App.jsx
11:07:23 PM [vite] hmr update /src/App.jsx
11:07:31 PM [vite] hmr update /src/App.jsx
11:07:38 PM [vite] hmr update /src/App.jsx
11:07:59 PM [vite] hmr update /src/index.css
11:52:30 PM [vite] hmr update /src/App.jsx
11:53:08 PM [vite] hmr update /src/App.jsx
11:53:48 PM [vite] hmr update /src/App.jsx
11:54:24 PM [vite] hmr update /src/App.jsx
9:09:27 AM [vite] hmr update /src/App.jsx
9:09:27 AM [vite] hmr update /src/components/NotificationPopup.jsx
9:09:27 AM [vite] hmr update /src/index.css
3:15:32 PM [vite] hmr update /src/components/AlertHistory.jsx
3:16:11 PM [vite] hmr update /src/index.css
3:16:38 PM [vite] hmr update /src/components/NotificationPopup.jsx
3:16:43 PM [vite] hmr update /src/index.css
3:16:51 PM [vite] hmr update /src/index.css
Killed
